kotlin version: 1.9.0
error message: java.lang.NoSuchMethodError: 'org.jetbrains.kotlin.ir.declarations.IrSimpleFunction org.jetbrains.kotlin.ir.declarations.IrFactory.createSimpleFunction(int, int, org.jetbrains.kotlin.ir.declarations.IrDeclarationOrigin, org.jetbrains.kotlin.name.Name, org.jetbrains.kotlin.descriptors.DescriptorVisibility, boolean, boolean, org.jetbrains.kotlin.ir.types.IrType, org.jetbrains.kotlin.descriptors.Modality, org.jetbrains.kotlin.ir.symbols.IrSimpleFunctionSymbol, boolean, boolean, boolean, boolean, boolean, org.jetbrains.kotlin.serialization.deserialization.descriptors.DeserializedContainerSource, boolean)'
	at androidx.compose.compiler.plugins.kotlin.lower.LiveLiteralTransformer.buildFunction(LiveLiteralTransformer.kt:904)
	at androidx.compose.compiler.plugins.kotlin.lower.LiveLiteralTransformer.irLiveLiteralGetter(LiveLiteralTransformer.kt:1004)
	at androidx.compose.compiler.plugins.kotlin.lower.LiveLiteralTransformer.visitConst(LiveLiteralTransformer.kt:440)
	at org.jetbrains.kotlin.ir.visitors.IrElementTransformerVoid.visitConst(IrElementTransformerVoid.kt:138)
	at org.jetbrains.kotlin.ir.visitors.IrElementTransformerVoid.visitConst(IrElementTransformerVoid.kt:24)
	at org.jetbrains.kotlin.ir.expressions.IrConst.accept(IrConst.kt:24)
	at org.jetbrains.kotlin.ir.expressions.IrExpression.transform(IrExpression.kt:31)
	at androidx.compose.compiler.plugins.kotlin.lower.LiveLiteralTransformer$visitConstructorCall$1$3.invoke(LiveLiteralTransformer.kt:665)
	at androidx.compose.compiler.plugins.kotlin.lower.LiveLiteralTransformer$visitConstructorCall$1$3.invoke(LiveLiteralTransformer.kt:664)
	at androidx.compose.compiler.plugins.kotlin.lower.DurableKeyVisitor.enter(DurableKeyVisitor.kt:96)
	at androidx.compose.compiler.plugins.kotlin.lower.LiveLiteralTransformer.enter(LiveLiteralTransformer.kt:193)
	at androidx.compose.compiler.plugins.kotlin.lower.LiveLiteralTransformer.access$enter(LiveLiteralTransformer.kt:160)
	at androidx.compose.compiler.plugins.kotlin.lower.LiveLiteralTransformer$visitConstructorCall$1.invoke(LiveLiteralTransformer.kt:664)
	at androidx.compose.compiler.plugins.kotlin.lower.LiveLiteralTransformer$visitConstructorCall$1.invoke(LiveLiteralTransformer.kt:653)
	at androidx.compose.compiler.plugins.kotlin.lower.DurableKeyVisitor.enter(DurableKeyVisitor.kt:96)
	at androidx.compose.compiler.plugins.kotlin.lower.LiveLiteralTransformer.enter(LiveLiteralTransformer.kt:193)
	at androidx.compose.compiler.plugins.kotlin.lower.LiveLiteralTransformer.visitConstructorCall(LiveLiteralTransformer.kt:653)
	at org.jetbrains.kotlin.ir.visitors.IrElementTransformerVoid.visitConstructorCall(IrElementTransformerVoid.kt:218)
	at org.jetbrains.kotlin.ir.visitors.IrElementTransformerVoid.visitConstructorCall(IrElementTransformerVoid.kt:24)
	at org.jetbrains.kotlin.ir.expressions.IrConstructorCall.accept(IrConstructorCall.kt:28)
	at org.jetbrains.kotlin.ir.expressions.IrExpression.transform(IrExpression.kt:31)
	at org.jetbrains.kotlin.ir.expressions.IrExpression.transform(IrExpression.kt:22)
	at androidx.compose.compiler.plugins.kotlin.lower.LiveLiteralTransformer$visitVararg$1$1$1.invoke(LiveLiteralTransformer.kt:708)
	at androidx.compose.compiler.plugins.kotlin.lower.LiveLiteralTransformer$visitVararg$1$1$1.invoke(LiveLiteralTransformer.kt:707)
	at androidx.compose.compiler.plugins.kotlin.lower.DurableKeyVisitor.enter(DurableKeyVisitor.kt:96)
	at androidx.compose.compiler.plugins.kotlin.lower.LiveLiteralTransformer.enter(LiveLiteralTransformer.kt:193)
	at androidx.compose.compiler.plugins.kotlin.lower.LiveLiteralTransformer.access$enter(LiveLiteralTransformer.kt:160)
	at androidx.compose.compiler.plugins.kotlin.lower.LiveLiteralTransformer$visitVararg$1.invoke(LiveLiteralTransformer.kt:707)
	at androidx.compose.compiler.plugins.kotlin.lower.LiveLiteralTransformer$visitVararg$1.invoke(LiveLiteralTransformer.kt:705)
	at androidx.compose.compiler.plugins.kotlin.lower.DurableKeyVisitor.enter(DurableKeyVisitor.kt:96)
	at androidx.compose.compiler.plugins.kotlin.lower.LiveLiteralTransformer.enter(LiveLiteralTransformer.kt:193)
	at androidx.compose.compiler.plugins.kotlin.lower.LiveLiteralTransformer.visitVararg(LiveLiteralTransformer.kt:705)
	at org.jetbrains.kotlin.ir.visitors.IrElementTransformerVoid.visitVararg(IrElementTransformerVoid.kt:157)
	at org.jetbrains.kotlin.ir.visitors.IrElementTransformerVoid.visitVararg(IrElementTransformerVoid.kt:24)
	at org.jetbrains.kotlin.ir.expressions.IrVararg.accept(IrVararg.kt:27)
	at org.jetbrains.kotlin.ir.expressions.IrExpression.transform(IrExpression.kt:31)
	at androidx.compose.compiler.plugins.kotlin.lower.LiveLiteralTransformer$visitCall$1$3.invoke(LiveLiteralTransformer.kt:689)
	at androidx.compose.compiler.plugins.kotlin.lower.LiveLiteralTransformer$visitCall$1$3.invoke(LiveLiteralTransformer.kt:688)
	at androidx.compose.compiler.plugins.kotlin.lower.DurableKeyVisitor.enter(DurableKeyVisitor.kt:96)
	at androidx.compose.compiler.plugins.kotlin.lower.LiveLiteralTransformer.enter(LiveLiteralTransformer.kt:193)
	at androidx.compose.compiler.plugins.kotlin.lower.LiveLiteralTransformer.access$enter(LiveLiteralTransformer.kt:160)
	at androidx.compose.compiler.plugins.kotlin.lower.LiveLiteralTransformer$visitCall$1.invoke(LiveLiteralTransformer.kt:688)
	at androidx.compose.compiler.plugins.kotlin.lower.LiveLiteralTransformer$visitCall$1.invoke(LiveLiteralTransformer.kt:677)
	at androidx.compose.compiler.plugins.kotlin.lower.DurableKeyVisitor.enter(DurableKeyVisitor.kt:96)
	at androidx.compose.compiler.plugins.kotlin.lower.LiveLiteralTransformer.enter(LiveLiteralTransformer.kt:193)
	at androidx.compose.compiler.plugins.kotlin.lower.LiveLiteralTransformer.visitCall(LiveLiteralTransformer.kt:677)
	at org.jetbrains.kotlin.ir.visitors.IrElementTransformerVoid.visitCall(IrElementTransformerVoid.kt:215)
	at org.jetbrains.kotlin.ir.visitors.IrElementTransformerVoid.visitCall(IrElementTransformerVoid.kt:24)
	at org.jetbrains.kotlin.ir.expressions.IrCall.accept(IrCall.kt:26)
	at org.jetbrains.kotlin.ir.expressions.IrExpression.transform(IrExpression.kt:31)
	at org.jetbrains.kotlin.ir.declarations.IrVariable.transformChildren(IrVariable.kt:45)
	at org.jetbrains.kotlin.ir.visitors.IrElementTransformerVoid.visitDeclaration(IrElementTransformerVoid.kt:57)
	at org.jetbrains.kotlin.ir.visitors.IrElementTransformerVoid.visitVariable(IrElementTransformerVoid.kt:101)
	at androidx.compose.compiler.plugins.kotlin.lower.LiveLiteralTransformer.access$visitVariable$s780614737(LiveLiteralTransformer.kt:160)
	at androidx.compose.compiler.plugins.kotlin.lower.LiveLiteralTransformer$visitVariable$1.invoke(LiveLiteralTransformer.kt:866)
	at androidx.compose.compiler.plugins.kotlin.lower.LiveLiteralTransformer$visitVariable$1.invoke(LiveLiteralTransformer.kt:865)
	at androidx.compose.compiler.plugins.kotlin.lower.DurableKeyVisitor.enter(DurableKeyVisitor.kt:96)
	at androidx.compose.compiler.plugins.kotlin.lower.LiveLiteralTransformer.enter(LiveLiteralTransformer.kt:193)
	at androidx.compose.compiler.plugins.kotlin.lower.LiveLiteralTransformer.visitVariable(LiveLiteralTransformer.kt:865)
	at org.jetbrains.kotlin.ir.visitors.IrElementTransformerVoid.visitVariable(IrElementTransformerVoid.kt:102)
	at org.jetbrains.kotlin.ir.visitors.IrElementTransformerVoid.visitVariable(IrElementTransformerVoid.kt:24)
	at org.jetbrains.kotlin.ir.declarations.IrVariable.accept(IrVariable.kt:38)
	at org.jetbrains.kotlin.ir.IrElementBase.transform(IrElementBase.kt:24)
	at org.jetbrains.kotlin.ir.util.TransformKt.transformInPlace(transform.kt:35)
	at org.jetbrains.kotlin.ir.expressions.IrBlockBody.transformChildren(IrBlockBody.kt:32)
	at org.jetbrains.kotlin.ir.visitors.IrElementTransformerVoid.visitBody(IrElementTransformerVoid.kt:108)
	at org.jetbrains.kotlin.ir.visitors.IrElementTransformerVoid.visitBlockBody(IrElementTransformerVoid.kt:117)
	at androidx.compose.compiler.plugins.kotlin.lower.LiveLiteralTransformer.access$visitBlockBody$s780614737(LiveLiteralTransformer.kt:160)
	at androidx.compose.compiler.plugins.kotlin.lower.LiveLiteralTransformer$visitBlockBody$1.invoke(LiveLiteralTransformer.kt:860)
	at androidx.compose.compiler.plugins.kotlin.lower.LiveLiteralTransformer$visitBlockBody$1.invoke(LiveLiteralTransformer.kt:859)
	at androidx.compose.compiler.plugins.kotlin.lower.DurableKeyVisitor.siblings(DurableKeyVisitor.kt:117)
	at androidx.compose.compiler.plugins.kotlin.lower.LiveLiteralTransformer.siblings(LiveLiteralTransformer.kt:195)
	at androidx.compose.compiler.plugins.kotlin.lower.LiveLiteralTransformer.visitBlockBody(LiveLiteralTransformer.kt:859)
	at org.jetbrains.kotlin.ir.visitors.IrElementTransformerVoid.visitBlockBody(IrElementTransformerVoid.kt:118)
	at org.jetbrains.kotlin.ir.visitors.IrElementTransformerVoid.visitBlockBody(IrElementTransformerVoid.kt:24)
	at org.jetbrains.kotlin.ir.expressions.IrBlockBody.accept(IrBlockBody.kt:25)
	at org.jetbrains.kotlin.ir.expressions.IrBody.transform(IrBody.kt:22)
	at org.jetbrains.kotlin.ir.declarations.IrFunction.transformChildren(IrFunction.kt:62)
	at org.jetbrains.kotlin.ir.visitors.IrElementTransformerVoid.visitDeclaration(IrElementTransformerVoid.kt:57)
	at org.jetbrains.kotlin.ir.visitors.IrElementTransformerVoid.visitFunction(IrElementTransformerVoid.kt:69)
	at org.jetbrains.kotlin.ir.visitors.IrElementTransformerVoid.visitSimpleFunction(IrElementTransformerVoid.kt:72)
	at androidx.compose.compiler.plugins.kotlin.lower.LiveLiteralTransformer.access$visitSimpleFunction$s780614737(LiveLiteralTransformer.kt:160)
	at androidx.compose.compiler.plugins.kotlin.lower.LiveLiteralTransformer$visitSimpleFunction$1.invoke(LiveLiteralTransformer.kt:719)
	at androidx.compose.compiler.plugins.kotlin.lower.LiveLiteralTransformer$visitSimpleFunction$1.invoke(LiveLiteralTransformer.kt:719)
	at androidx.compose.compiler.plugins.kotlin.lower.DurableKeyVisitor.enter(DurableKeyVisitor.kt:96)
	at androidx.compose.compiler.plugins.kotlin.lower.LiveLiteralTransformer.enter(LiveLiteralTransformer.kt:193)
	at androidx.compose.compiler.plugins.kotlin.lower.LiveLiteralTransformer.visitSimpleFunction(LiveLiteralTransformer.kt:719)
	at org.jetbrains.kotlin.ir.visitors.IrElementTransformerVoid.visitSimpleFunction(IrElementTransformerVoid.kt:73)
	at org.jetbrains.kotlin.ir.visitors.IrElementTransformerVoid.visitSimpleFunction(IrElementTransformerVoid.kt:24)
	at org.jetbrains.kotlin.ir.declarations.IrSimpleFunction.accept(IrSimpleFunction.kt:37)
	at org.jetbrains.kotlin.ir.IrElementBase.transform(IrElementBase.kt:24)
	at org.jetbrains.kotlin.ir.util.TransformKt.transformInPlace(transform.kt:35)
	at org.jetbrains.kotlin.ir.declarations.IrClass.transformChildren(IrClass.kt:83)
	at org.jetbrains.kotlin.ir.visitors.IrElementTransformerVoid.visitDeclaration(IrElementTransformerVoid.kt:57)
	at org.jetbrains.kotlin.ir.visitors.IrElementTransformerVoid.visitClass(IrElementTransformerVoid.kt:66)
	at androidx.compose.compiler.plugins.kotlin.lower.LiveLiteralTransformer.access$visitClass$s780614737(LiveLiteralTransformer.kt:160)
	at androidx.compose.compiler.plugins.kotlin.lower.LiveLiteralTransformer$visitClass$1.invoke(LiveLiteralTransformer.kt:467)
	at androidx.compose.compiler.plugins.kotlin.lower.LiveLiteralTransformer$visitClass$1.invoke(LiveLiteralTransformer.kt:466)
	at androidx.compose.compiler.plugins.kotlin.lower.DurableKeyVisitor.siblings(DurableKeyVisitor.kt:117)
	at androidx.compose.compiler.plugins.kotlin.lower.DurableKeyVisitor$siblings$1.invoke(DurableKeyVisitor.kt:131)
	at androidx.compose.compiler.plugins.kotlin.lower.DurableKeyVisitor.enter(DurableKeyVisitor.kt:96)
	at androidx.compose.compiler.plugins.kotlin.lower.DurableKeyVisitor.siblings(DurableKeyVisitor.kt:131)
	at androidx.compose.compiler.plugins.kotlin.lower.LiveLiteralTransformer.siblings(LiveLiteralTransformer.kt:194)
	at androidx.compose.compiler.plugins.kotlin.lower.LiveLiteralTransformer.visitClass(LiveLiteralTransformer.kt:466)
	at org.jetbrains.kotlin.ir.visitors.IrElementTransformerVoid.visitClass(IrElementTransformerVoid.kt:67)
	at org.jetbrains.kotlin.ir.visitors.IrElementTransformerVoid.visitClass(IrElementTransformerVoid.kt:24)
	at org.jetbrains.kotlin.ir.declarations.IrClass.accept(IrClass.kt:73)
	at org.jetbrains.kotlin.ir.IrElementBase.transform(IrElementBase.kt:24)
	at org.jetbrains.kotlin.ir.util.TransformKt.transformInPlace(transform.kt:35)
	at org.jetbrains.kotlin.ir.declarations.IrFile.transformChildren(IrFile.kt:41)
	at org.jetbrains.kotlin.ir.visitors.IrElementTransformerVoid.visitPackageFragment(IrElementTransformerVoid.kt:41)
	at org.jetbrains.kotlin.ir.visitors.IrElementTransformerVoid.visitFile(IrElementTransformerVoid.kt:47)
	at androidx.compose.compiler.plugins.kotlin.lower.LiveLiteralTransformer.access$visitFile$s780614737(LiveLiteralTransformer.kt:160)
	at androidx.compose.compiler.plugins.kotlin.lower.LiveLiteralTransformer$visitFile$1$1.invoke(LiveLiteralTransformer.kt:559)
	at androidx.compose.compiler.plugins.kotlin.lower.LiveLiteralTransformer$visitFile$1$1.invoke(LiveLiteralTransformer.kt:489)
	at androidx.compose.compiler.plugins.kotlin.lower.DurableKeyVisitor.siblings(DurableKeyVisitor.kt:117)
	at androidx.compose.compiler.plugins.kotlin.lower.DurableKeyVisitor.root(DurableKeyVisitor.kt:152)
	at androidx.compose.compiler.plugins.kotlin.lower.LiveLiteralTransformer.visitFile(LiveLiteralTransformer.kt:489)
	at org.jetbrains.kotlin.ir.visitors.IrElementTransformerVoid.visitFile(IrElementTransformerVoid.kt:48)
	at org.jetbrains.kotlin.ir.visitors.IrElementTransformerVoid.visitFile(IrElementTransformerVoid.kt:24)
	at org.jetbrains.kotlin.ir.declarations.IrFile.accept(IrFile.kt:31)
	at org.jetbrains.kotlin.ir.declarations.IrFile.transform(IrFile.kt:34)
	at org.jetbrains.kotlin.ir.declarations.IrFile.transform(IrFile.kt:22)
	at org.jetbrains.kotlin.ir.util.TransformKt.transformInPlace(transform.kt:35)
	at org.jetbrains.kotlin.ir.declarations.IrModuleFragment.transformChildren(IrModuleFragment.kt:52)
	at org.jetbrains.kotlin.ir.visitors.IrElementTransformerVoidKt.transformChildrenVoid(IrElementTransformerVoid.kt:346)
	at androidx.compose.compiler.plugins.kotlin.lower.LiveLiteralTransformer.lower(LiveLiteralTransformer.kt:173)
	at androidx.compose.compiler.plugins.kotlin.ComposeIrGenerationExtension.generate(ComposeIrGenerationExtension.kt:119)
	at org.jetbrains.kotlin.backend.jvm.JvmIrCodegenFactory.convertToIr$lambda$1(JvmIrCodegenFactory.kt:222)
	at org.jetbrains.kotlin.psi2ir.Psi2IrTranslator.generateModuleFragment(Psi2IrTranslator.kt:107)
	at org.jetbrains.kotlin.backend.jvm.JvmIrCodegenFactory.convertToIr(JvmIrCodegenFactory.kt:255)
	at org.jetbrains.kotlin.backend.jvm.JvmIrCodegenFactory.convertToIr(JvmIrCodegenFactory.kt:59)
	at org.jetbrains.kotlin.cli.jvm.compiler.KotlinToJVMBytecodeCompiler.convertToIr(KotlinToJVMBytecodeCompiler.kt:224)
	at org.jetbrains.kotlin.cli.jvm.compiler.KotlinToJVMBytecodeCompiler.compileModules$cli(KotlinToJVMBytecodeCompiler.kt:101)
	at org.jetbrains.kotlin.cli.jvm.compiler.KotlinToJVMBytecodeCompiler.compileModules$cli$default(KotlinToJVMBytecodeCompiler.kt:47)
	at org.jetbrains.kotlin.cli.jvm.K2JVMCompiler.doExecute(K2JVMCompiler.kt:168)
	at org.jetbrains.kotlin.cli.jvm.K2JVMCompiler.doExecute(K2JVMCompiler.kt:53)
	at org.jetbrains.kotlin.cli.common.CLICompiler.execImpl(CLICompiler.kt:100)
	at org.jetbrains.kotlin.cli.common.CLICompiler.execImpl(CLICompiler.kt:46)
	at org.jetbrains.kotlin.cli.common.CLITool.exec(CLITool.kt:101)
	at org.jetbrains.kotlin.incremental.IncrementalJvmCompilerRunner.runCompiler(IncrementalJvmCompilerRunner.kt:460)
	at org.jetbrains.kotlin.incremental.IncrementalJvmCompilerRunner.runCompiler(IncrementalJvmCompilerRunner.kt:62)
	at org.jetbrains.kotlin.incremental.IncrementalCompilerRunner.doCompile(IncrementalCompilerRunner.kt:476)
	at org.jetbrains.kotlin.incremental.IncrementalCompilerRunner.compileImpl(IncrementalCompilerRunner.kt:399)
	at org.jetbrains.kotlin.incremental.IncrementalCompilerRunner.compileNonIncrementally(IncrementalCompilerRunner.kt:280)
	at org.jetbrains.kotlin.incremental.IncrementalCompilerRunner.compile(IncrementalCompilerRunner.kt:124)
	at org.jetbrains.kotlin.daemon.CompileServiceImplBase.execIncrementalCompiler(CompileServiceImpl.kt:636)
	at org.jetbrains.kotlin.daemon.CompileServiceImplBase.access$execIncrementalCompiler(CompileServiceImpl.kt:101)
	at org.jetbrains.kotlin.daemon.CompileServiceImpl.compile(CompileServiceImpl.kt:1598)
	at java.base/jdk.internal.reflect.NativeMethodAccessorImpl.invoke0(Native Method)
	at java.base/jdk.internal.reflect.NativeMethodAccessorImpl.invoke(NativeMethodAccessorImpl.java:77)
	at java.base/jdk.internal.reflect.DelegatingMethodAccessorImpl.invoke(DelegatingMethodAccessorImpl.java:43)
	at java.base/java.lang.reflect.Method.invoke(Method.java:569)
	at java.rmi/sun.rmi.server.UnicastServerRef.dispatch(UnicastServerRef.java:360)
	at java.rmi/sun.rmi.transport.Transport$1.run(Transport.java:200)
	at java.rmi/sun.rmi.transport.Transport$1.run(Transport.java:197)
	at java.base/java.security.AccessController.doPrivileged(AccessController.java:712)
	at java.rmi/sun.rmi.transport.Transport.serviceCall(Transport.java:196)
	at java.rmi/sun.rmi.transport.tcp.TCPTransport.handleMessages(TCPTransport.java:587)
	at java.rmi/sun.rmi.transport.tcp.TCPTransport$ConnectionHandler.run0(TCPTransport.java:828)
	at java.rmi/sun.rmi.transport.tcp.TCPTransport$ConnectionHandler.lambda$run$0(TCPTransport.java:705)
	at java.base/java.security.AccessController.doPrivileged(AccessController.java:399)
	at java.rmi/sun.rmi.transport.tcp.TCPTransport$ConnectionHandler.run(TCPTransport.java:704)
	at java.base/java.util.concurrent.ThreadPoolExecutor.runWorker(ThreadPoolExecutor.java:1136)
	at java.base/java.util.concurrent.ThreadPoolExecutor$Worker.run(ThreadPoolExecutor.java:635)
	at java.base/java.lang.Thread.run(Thread.java:840)


